node:events:486
      throw er; // Unhandled 'error' event
      ^

Error: listen EADDRINUSE: address already in use :::3001
    at Server.setupListenHandle [as _listen2] (node:net:1948:16)
    at listenInCluster (node:net:2005:12)
    at Server.listen (node:net:2110:7)
    at app.listen (C:\Users\redking\Desktop\大创项目\心宇宙重塑：房树人图像趣测\node_modules\express\lib\application.js:635:24)
    at file:///C:/Users/redking/Desktop/%E5%A4%A7%E5%88%9B%E9%A1%B9%E7%9B%AE/%E5%BF%83%E5%AE%87%E5%AE%99%E9%87%8D%E5%A1%91%EF%BC%9A%E6%88%BF%E6%A0%91%E4%BA%BA%E5%9B%BE%E5%83%8F%E8%B6%A3%E6%B5%8B/server.js:508:5
    at ModuleJob.run (node:internal/modules/esm/module_job:430:25)
    at async onImport.tracePromise.__proto__ (node:internal/modules/esm/loader:661:26)
    at async asyncRunEntryPointWithESMLoader (node:internal/modules/run_main:101:5)
Emitted 'error' event on Server instance at:
    at emitErrorNT (node:net:1984:8)
    at process.processTicksAndRejections (node:internal/process/task_queues:90:21) {
  code: 'EADDRINUSE',
  errno: -4091,
  syscall: 'listen',
  address: '::',
  port: 3001
}

Node.js v24.14.1
